exports[`test renders correctly 1`] = `
<header
  className="header">
  <a
    className="logo"
    href="https://www.billin.net/"
    rel="noreferrer noopener"
    target="_blank">
    <svg>
      <use
        xlinkHref="./sprite.svg#billin-usage" />
    </svg>
  </a>
  <div
    className="title">
    <h2>
      Billin code challenge
    </h2>
  </div>
</header>
`;
